// Jest Snapshot v1, https://goo.gl/fbAQLP

exports[`CatBar component renders correctly with min params 1`] = `
<div
  className="catbar"
>
  <p>
    I am a cat bar. I contain cats.
  </p>
  <StatelessAnimal
    sound="Meow!"
  />
  <StatelessAnimal
    sound="Meoooow!"
  />
  <StatelessAnimal
    sound="Meeeeeeeeow!"
  />
  <HatchingAnimal />
</div>
`;
